university
in
alberta
NULL
of
in
university
of
alberta
